#0 building with "desktop-linux" instance using docker driver

#1 [internal] load build definition from Dockerfile.web
#1 transferring dockerfile:
#1 transferring dockerfile: 1.38kB 0.0s done
#1 DONE 0.6s

#2 [internal] load metadata for docker.io/library/node:22-bookworm-slim@sha256:48e4b67d85f87bd551df43704e24d252f56cc5f8e9718841aace50f19948f0f9
#2 DONE 0.1s

#3 [internal] load .dockerignore
#3 transferring context: 284B done
#3 DONE 0.2s

#4 [build 1/8] FROM docker.io/library/node:22-bookworm-slim@sha256:48e4b67d85f87bd551df43704e24d252f56cc5f8e9718841aace50f19948f0f9
#4 resolve docker.io/library/node:22-bookworm-slim@sha256:48e4b67d85f87bd551df43704e24d252f56cc5f8e9718841aace50f19948f0f9 0.0s done
#4 DONE 0.0s

#5 [internal] load build context
#5 transferring context: 5.72kB 0.0s done
#5 DONE 0.0s

#6 [stage-1 3/6] WORKDIR /app
#6 CACHED

#7 [stage-1 4/6] COPY --from=build --chown=node:node /app/apps/web/.next/standalone ./
#7 CACHED

#8 [stage-1 2/6] RUN apt-get update -qq     && apt-get upgrade --no-install-recommends -y     && rm -rf /var/lib/apt/lists/* /usr/local/lib/node_modules     && rm -f /usr/local/bin/npm /usr/local/bin/npx /usr/local/bin/corepack /usr/local/bin/yarn /usr/local/bin/yarnpkg /usr/local/bin/pnpm /usr/local/bin/pnpx
#8 CACHED

#9 [build 6/8] COPY apps/web/ apps/web/
#9 CACHED

#10 [build 3/8] COPY package.json package-lock.json ./
#10 CACHED

#11 [build 7/8] COPY contracts/ contracts/
#11 CACHED

#12 [build 8/8] RUN npm run build --workspace @mesh/web
#12 CACHED

#13 [build 2/8] WORKDIR /app
#13 CACHED

#14 [build 5/8] RUN npm ci --ignore-scripts
#14 CACHED

#15 [stage-1 5/6] COPY --from=build --chown=node:node /app/apps/web/.next/static ./apps/web/.next/static
#15 CACHED

#16 [build 4/8] COPY apps/web/package.json apps/web/package.json
#16 CACHED

#17 [stage-1 6/6] COPY --from=build --chown=node:node /app/apps/web/public ./apps/web/public
#17 CACHED

#18 exporting to image
#18 exporting layers done
#18 exporting manifest sha256:b67857a7720a86fdea90b71e82f8d9e9bacad0ab2fd2a3591a6d2c92e8017e22 done
#18 exporting config sha256:f78162f1520bc4b1f02223129dd5d6566ed2f947d6c53c4da433f931f7bdbc44 done
#18 exporting attestation manifest sha256:61202261dea0e71a79e55d9090afe1c29ef410e1d6413e07b417fd8295afa6b3
#18 exporting attestation manifest sha256:61202261dea0e71a79e55d9090afe1c29ef410e1d6413e07b417fd8295afa6b3 0.0s done
#18 exporting manifest list sha256:be7fd7a3da62b233942c46a62f1391ee9f8639c1832ff2d3a56e79a620bf28f4 0.0s done
#18 naming to docker.io/library/mesh-showcase-cache:8fda95b0308a-repeat done
#18 unpacking to docker.io/library/mesh-showcase-cache:8fda95b0308a-repeat 0.0s done
#18 DONE 0.1s
